******************************************************************************
                  TI ARM Linker PC v16.9.3                     
******************************************************************************
>> Linked Fri Jan 26 13:11:41 2018

OUTPUT FILE NAME:   <hid_keyboard_cc2640r2lp_app.out>
ENTRY POINT SYMBOL: "ResetISR"  address: 0000c9e9


MEMORY CONFIGURATION

         name            origin    length      used     unused   attr    fill
----------------------  --------  ---------  --------  --------  ----  --------
  FLASH                 00000000   0001f000  000123fe  0000cc02  R  X
  FLASH_LAST_PAGE       0001f000   00001000  00000058  00000fa8  R  X
  SRAM                  20000000   00004400  00002a7d  00001983  RW X


SEGMENT ALLOCATION MAP

run origin  load origin   length   init length attrs members
----------  ----------- ---------- ----------- ----- -------
00000000    00000000    00011404   00011404    r-x
  00000000    00000000    0000003c   0000003c    r-- .resetVecs
  0000003c    0000003c    00000fc4   00000fc4    r-x .text.1
  00001000    00001000    00000028   00000028    r-- .const:ti_sysbios_heaps_HeapMem_Module__FXNS__C
  00001028    00001028    00000024   00000024    r-- .const:ti_sysbios_gates_GateHwi_Module__FXNS__C
  0000104c    0000104c    00000024   00000024    r-- .const:ti_sysbios_gates_GateMutex_Module__FXNS__C
  00001070    00001070    00000020   00000020    r-- .const:ti_sysbios_family_arm_m3_Hwi_Object__DESC__C
  00001090    00001090    00000020   00000020    r-- .const:ti_sysbios_gates_GateHwi_Object__DESC__C
  000010b0    000010b0    00000020   00000020    r-- .const:ti_sysbios_gates_GateMutex_Object__DESC__C
  000010d0    000010d0    00000020   00000020    r-- .const:ti_sysbios_hal_Hwi_Object__DESC__C
  000010f0    000010f0    00000020   00000020    r-- .const:ti_sysbios_heaps_HeapMem_Object__DESC__C
  00001110    00001110    00000020   00000020    r-- .const:ti_sysbios_knl_Clock_Object__DESC__C
  00001130    00001130    00000020   00000020    r-- .const:ti_sysbios_knl_Event_Object__DESC__C
  00001150    00001150    00000020   00000020    r-- .const:ti_sysbios_knl_Mailbox_Object__DESC__C
  00001170    00001170    00000020   00000020    r-- .const:ti_sysbios_knl_Queue_Object__DESC__C
  00001190    00001190    00000020   00000020    r-- .const:ti_sysbios_knl_Semaphore_Object__DESC__C
  000011b0    000011b0    00000020   00000020    r-- .const:ti_sysbios_knl_Swi_Object__DESC__C
  000011d0    000011d0    00000020   00000020    r-- .const:ti_sysbios_knl_Task_Object__DESC__C
  000011f0    000011f0    00000008   00000008    r-- .const:ti_sysbios_knl_Idle_funcList__C
  000011f8    000011f8    00000004   00000004    r-- .const:ti_sysbios_family_arm_cc26xx_Timer_startupNeeded__C
  000011fc    000011fc    00000004   00000004    r-- .const:ti_sysbios_family_arm_m3_Hwi_E_alreadyDefined__C
  00001200    00001200    00000004   00000004    r-- .const:ti_sysbios_family_arm_m3_Hwi_E_hwiLimitExceeded__C
  00001204    00001204    00000004   00000004    r-- .const:ti_sysbios_family_arm_m3_Hwi_NUM_INTERRUPTS__C
  00001208    00001208    00000004   00000004    r-- .const:ti_sysbios_family_arm_m3_Hwi_Object__count__C
  0000120c    0000120c    00000004   00000004    r-- .const:ti_sysbios_family_arm_m3_Hwi_Object__table__C
  00001210    00001210    00000004   00000004    r-- .const:ti_sysbios_family_arm_m3_Hwi_ccr__C
  00001214    00001214    00000004   00000004    r-- .const:ti_sysbios_family_arm_m3_Hwi_excHandlerFunc__C
  00001218    00001218    00000004   00000004    r-- .const:ti_sysbios_family_arm_m3_Hwi_nullIsrFunc__C
  0000121c    0000121c    00000004   00000004    r-- .const:ti_sysbios_family_arm_m3_Hwi_numSparseInterrupts__C
  00001220    00001220    00000004   00000004    r-- .const:ti_sysbios_family_arm_m3_Hwi_priGroup__C
  00001224    00001224    00000004   00000004    r-- .const:ti_sysbios_family_arm_m3_TaskSupport_stackAlignment__C
  00001228    00001228    00000004   00000004    r-- .const:ti_sysbios_heaps_HeapMem_E_memory__C
  0000122c    0000122c    00000004   00000004    r-- .const:ti_sysbios_heaps_HeapMem_Module__gateObj__C
  00001230    00001230    00000004   00000004    r-- .const:ti_sysbios_heaps_HeapMem_Object__count__C
  00001234    00001234    00000004   00000004    r-- .const:ti_sysbios_heaps_HeapMem_Object__table__C
  00001238    00001238    00000004   00000004    r-- .const:ti_sysbios_heaps_HeapMem_reqAlign__C
  0000123c    0000123c    00000004   00000004    r-- .const:ti_sysbios_knl_Clock_triggerClock__C
  00001240    00001240    00000004   00000004    r-- .const:ti_sysbios_knl_Mailbox_Object__count__C
  00001244    00001244    00000004   00000004    r-- .const:ti_sysbios_knl_Mailbox_Object__table__C
  00001248    00001248    00000004   00000004    r-- .const:ti_sysbios_knl_Mailbox_maxTypeAlign__C
  0000124c    0000124c    00000004   00000004    r-- .const:ti_sysbios_knl_Queue_Object__count__C
  00001250    00001250    00000004   00000004    r-- .const:ti_sysbios_knl_Queue_Object__table__C
  00001254    00001254    00000004   00000004    r-- .const:ti_sysbios_knl_Semaphore_eventPost__C
  00001258    00001258    00000004   00000004    r-- .const:ti_sysbios_knl_Semaphore_eventSync__C
  0000125c    0000125c    00000004   00000004    r-- .const:ti_sysbios_knl_Swi_Object__count__C
  00001260    00001260    00000004   00000004    r-- .const:ti_sysbios_knl_Swi_Object__table__C
  00001264    00001264    00000004   00000004    r-- .const:ti_sysbios_knl_Swi_numPriorities__C
  00001268    00001268    00000004   00000004    r-- .const:ti_sysbios_knl_Task_Object__count__C
  0000126c    0000126c    00000004   00000004    r-- .const:ti_sysbios_knl_Task_Object__table__C
  00001270    00001270    00000004   00000004    r-- .const:ti_sysbios_knl_Task_allBlockedFunc__C
  00001274    00001274    00000004   00000004    r-- .const:ti_sysbios_knl_Task_defaultStackHeap__C
  00001278    00001278    00000004   00000004    r-- .const:ti_sysbios_knl_Task_defaultStackSize__C
  0000127c    0000127c    00000004   00000004    r-- .const:ti_sysbios_knl_Task_numConstructedTasks__C
  00001280    00001280    00000002   00000002    r-- .const:ti_sysbios_family_arm_cc26xx_Timer_Module__id__C
  00001282    00001282    00000002   00000002    r-- .const:ti_sysbios_family_arm_cc26xx_TimestampProvider_useClockTimer__C
  00001284    00001284    00000002   00000002    r-- .const:ti_sysbios_family_arm_m3_Hwi_Module__id__C
  00001286    00001286    00000002   00000002    r-- .const:ti_sysbios_gates_GateHwi_Module__id__C
  00001288    00001288    00000002   00000002    r-- .const:ti_sysbios_gates_GateMutex_Module__id__C
  0000128a    0000128a    00000002   00000002    r-- .const:ti_sysbios_heaps_HeapMem_Module__id__C
  0000128c    0000128c    00000002   00000002    r-- .const:ti_sysbios_knl_Task_initStackFlag__C
  0000128e    0000128e    00000001   00000001    r-- .const:ti_sysbios_knl_Clock_tickMode__C
  00001290    00001290    00000008   00000008    r-- .const:xdc_runtime_Startup_firstFxns__C
  00001298    00001298    00000008   00000008    r-- .const:xdc_runtime_Startup_lastFxns__C
  000012a0    000012a0    00000004   00000004    r-- .const:xdc_runtime_Assert_E_assertFailed__C
  000012a4    000012a4    00000004   00000004    r-- .const:xdc_runtime_Error_E_memory__C
  000012a8    000012a8    00000004   00000004    r-- .const:xdc_runtime_Error_policyFxn__C
  000012ac    000012ac    00000004   00000004    r-- .const:xdc_runtime_Error_raiseHook__C
  000012b0    000012b0    00000004   00000004    r-- .const:xdc_runtime_IGateProvider_Interface__BASE__C
  000012b4    000012b4    00000004   00000004    r-- .const:xdc_runtime_IHeap_Interface__BASE__C
  000012b8    000012b8    00000004   00000004    r-- .const:xdc_runtime_IModule_Interface__BASE__C
  000012bc    000012bc    00000004   00000004    r-- .const:xdc_runtime_Memory_defaultHeapInstance__C
  000012c0    000012c0    00000004   00000004    r-- .const:xdc_runtime_Startup_execImpl__C
  000012c4    000012c4    00000004   00000004    r-- .const:xdc_runtime_Startup_maxPasses__C
  000012c8    000012c8    00000004   00000004    r-- .const:xdc_runtime_Startup_sfxnRts__C
  000012cc    000012cc    00000004   00000004    r-- .const:xdc_runtime_Startup_sfxnTab__C
  000012d0    000012d0    00000004   00000004    r-- .const:xdc_runtime_Startup_startModsFxn__C
  000012d4    000012d4    00000004   00000004    r-- .const:xdc_runtime_SysCallback_abortFxn__C
  000012d8    000012d8    00000004   00000004    r-- .const:xdc_runtime_SysCallback_exitFxn__C
  000012dc    000012dc    00000004   00000004    r-- .const:xdc_runtime_System_abortFxn__C
  000012e0    000012e0    00000004   00000004    r-- .const:xdc_runtime_System_exitFxn__C
  000012e4    000012e4    00000004   00000004    r-- .const:xdc_runtime_System_maxAtexitHandlers__C
  000012e8    000012e8    00000004   00000004    r-- .const:xdc_runtime_Text_charTab__C
  000012ec    000012ec    00000004   00000004    r-- .const:xdc_runtime_Text_nameEmpty__C
  000012f0    000012f0    00000004   00000004    r-- .const:xdc_runtime_Text_nameStatic__C
  000012f4    000012f4    00000004   00000004    r-- .const:xdc_runtime_Text_nameUnknown__C
  000012f8    000012f8    00000002   00000002    r-- .const:xdc_runtime_Error_maxDepth__C
  000012fa    000012fa    00000002   00000002    r-- .const:xdc_runtime_Memory_Module__id__C
  000012fc    000012fc    00000002   00000002    r-- .const:xdc_runtime_Text_charCnt__C
  000012fe    000012fe    00000002   00000002    r-- .const:xdc_runtime_Text_isLoaded__C
  00001300    00001300    00000001   00000001    r-- .const:xdc_runtime_Error_policy__C
  00001304    00001304    00000004   00000004    r-- .const:ti_sysbios_rom_ROM_ti_sysbios_family_arm_cc26xx_Timer_getCount64__E
  00001308    00001308    00000004   00000004    r-- .const:ti_sysbios_rom_ROM_ti_sysbios_family_arm_cc26xx_Timer_getCurrentTick__E
  0000130c    0000130c    00000004   00000004    r-- .const:ti_sysbios_rom_ROM_ti_sysbios_family_arm_cc26xx_Timer_getMaxTicks__E
  00001310    00001310    00000004   00000004    r-- .const:ti_sysbios_rom_ROM_ti_sysbios_family_arm_cc26xx_Timer_initDevice__I
  00001314    00001314    00000004   00000004    r-- .const:ti_sysbios_rom_ROM_ti_sysbios_family_arm_cc26xx_Timer_setNextTick__E
  00001318    00001318    00000004   00000004    r-- .const:ti_sysbios_rom_ROM_ti_sysbios_family_arm_cc26xx_Timer_setThreshold__I
  0000131c    0000131c    00000004   00000004    r-- .const:ti_sysbios_rom_ROM_ti_sysbios_family_arm_cc26xx_Timer_start__E
  00001320    00001320    00000004   00000004    r-- .const:ti_sysbios_rom_ROM_ti_sysbios_family_arm_cc26xx_TimestampProvider_get32__E
  00001324    00001324    00000004   00000004    r-- .const:ti_sysbios_rom_ROM_xdc_runtime_Startup_getState__I
  00001328    00001328    00000004   00000004    r-- .const:ti_sysbios_rom_ROM_xdc_runtime_System_SupportProxy_abort__E
  0000132c    0000132c    00000004   00000004    r-- .const:ti_sysbios_rom_ROM_xdc_runtime_System_SupportProxy_exit__E
  00001330    00001330    0000e0c4   0000e0c4    r-x .text.2
  0000f3f4    0000f3f4    000019e8   000019e8    r-- .const
  00010ddc    00010ddc    0000009a   0000009a    r-- .rodata
  00010e78    00010e78    0000058c   0000058c    r-- .cinit
0001e000    0001e000    00001000   00001000    r--
  0001e000    0001e000    00001000   00001000    r-- .TI.bound:NV_FLASH
0001ffa8    0001ffa8    00000058   00000058    r--
  0001ffa8    0001ffa8    00000058   00000058    r-- .ccfg
20000100    20000100    000025b7   00000000    rw-
  20000100    20000100    00000044   00000000    rw- .data:ti_sysbios_knl_Task_Module__state__V
  20000144    20000144    00000034   00000000    rw- .data:ti_sysbios_family_arm_m3_Hwi_Module__state__V
  20000178    20000178    0000002c   00000000    rw- .data:ti_sysbios_knl_Clock_Module__state__V
  200001a4    200001a4    00000024   00000000    rw- .data:ti_sysbios_BIOS_Module__state__V
  200001c8    200001c8    0000001c   00000000    rw- .data:ti_sysbios_knl_Swi_Module__state__V
  200001e4    200001e4    00000008   00000000    rw- .data:ti_sysbios_family_arm_cc26xx_Timer_Module__state__V
  200001ec    200001ec    00000004   00000000    rw- .data:ti_sysbios_family_arm_cc26xx_TimestampProvider_Module__state__V
  200001f0    200001f0    00000008   00000000    rw- .data:xdc_runtime_Startup_Module__state__V
  200001f8    200001f8    00000008   00000000    rw- .data:xdc_runtime_System_Module__state__V
  20000200    20000200    00000004   00000000    rw- .data:xdc_runtime_Memory_Module__state__V
  20000204    20000204    00000002   00000000    rw- .data:xdc_runtime_Error_Module__state__V
  20000208    20000208    00000be9   00000000    rw- .data
  20000df8    20000df8    000018bf   00000000    rw- .bss
20004000    20004000    00000400   00000000    rw-
  20004000    20004000    00000400   00000000    rw- .stack


SECTION ALLOCATION MAP

 output                                  attributes/
section   page    origin      length       input sections
--------  ----  ----------  ----------   ----------------
.resetVecs 
*          0    00000000    0000003c     
                  00000000    0000003c     app_ble_pem3.oem3 (.resetVecs)

.text.1    0    0000003c    00000fc4     
                  0000003c    00000578     peripheral.obj (.text:GAPRole_SetParameter)
                  000005b4    00000564     cc2640_ll_pxxx.a : ll.o (.text)
                  00000b18    00000008     ble_r2.symbols (.tramp.LL_ENC_GenerateTrueRandNum.1)
                  00000b20    00000008     ble_r2.symbols (.tramp.LL_PRIV_GenerateRSA.1)
                  00000b28    00000008     ble_r2.symbols (.tramp.LL_ENC_Init.1)
                  00000b30    0000049c     RFCC26XX_singleMode.obj (.text:fsmActiveState)
                  00000fcc    00000008     (.tramp.ti_sysbios_family_arm_m3_Hwi_disableFxn__E.1)
                  00000fd4    00000008     (.tramp.ti_sysbios_family_arm_m3_Hwi_restoreFxn__E.1)
                  00000fdc    00000008     (.tramp.ti_sysbios_knl_Semaphore_post__E.1)
                  00000fe4    0000001c     hid_emu_kbd_cc2640r2lp_stack_library.lib : gapbondmgr.obj (.text:GAPBondMgr_SupportsEnhancedPriv)

.const:ti_sysbios_heaps_HeapMem_Module__FXNS__C 
*          0    00001000    00000028     
                  00001000    00000028     app_ble_pem3.oem3 (.const:ti_sysbios_heaps_HeapMem_Module__FXNS__C)

.const:ti_sysbios_gates_GateHwi_Module__FXNS__C 
*          0    00001028    00000024     
                  00001028    00000024     app_ble_pem3.oem3 (.const:ti_sysbios_gates_GateHwi_Module__FXNS__C)

.const:ti_sysbios_gates_GateMutex_Module__FXNS__C 
*          0    0000104c    00000024     
                  0000104c    00000024     app_ble_pem3.oem3 (.const:ti_sysbios_gates_GateMutex_Module__FXNS__C)

.const:ti_sysbios_family_arm_m3_Hwi_Object__DESC__C 
*          0    00001070    00000020     
                  00001070    00000020     app_ble_pem3.oem3 (.const:ti_sysbios_family_arm_m3_Hwi_Object__DESC__C)

.const:ti_sysbios_gates_GateHwi_Object__DESC__C 
*          0    00001090    00000020     
                  00001090    00000020     app_ble_pem3.oem3 (.const:ti_sysbios_gates_GateHwi_Object__DESC__C)

.const:ti_sysbios_gates_GateMutex_Object__DESC__C 
*          0    000010b0    00000020     
                  000010b0    00000020     app_ble_pem3.oem3 (.const:ti_sysbios_gates_GateMutex_Object__DESC__C)

.const:ti_sysbios_hal_Hwi_Object__DESC__C 
*          0    000010d0    00000020     
                  000010d0    00000020     app_ble_pem3.oem3 (.const:ti_sysbios_hal_Hwi_Object__DESC__C)

.const:ti_sysbios_heaps_HeapMem_Object__DESC__C 
*          0    000010f0    00000020     
                  000010f0    00000020     app_ble_pem3.oem3 (.const:ti_sysbios_heaps_HeapMem_Object__DESC__C)

.const:ti_sysbios_knl_Clock_Object__DESC__C 
*          0    00001110    00000020     
                  00001110    00000020     app_ble_pem3.oem3 (.const:ti_sysbios_knl_Clock_Object__DESC__C)

.const:ti_sysbios_knl_Event_Object__DESC__C 
*          0    00001130    00000020     
                  00001130    00000020     app_ble_pem3.oem3 (.const:ti_sysbios_knl_Event_Object__DESC__C)

.const:ti_sysbios_knl_Mailbox_Object__DESC__C 
*          0    00001150    00000020     
                  00001150    00000020     app_ble_pem3.oem3 (.const:ti_sysbios_knl_Mailbox_Object__DESC__C)

.const:ti_sysbios_knl_Queue_Object__DESC__C 
*          0    00001170    00000020     
                  00001170    00000020     app_ble_pem3.oem3 (.const:ti_sysbios_knl_Queue_Object__DESC__C)

.const:ti_sysbios_knl_Semaphore_Object__DESC__C 
*          0    00001190    00000020     
                  00001190    00000020     app_ble_pem3.oem3 (.const:ti_sysbios_knl_Semaphore_Object__DESC__C)

.const:ti_sysbios_knl_Swi_Object__DESC__C 
*          0    000011b0    00000020     
                  000011b0    00000020     app_ble_pem3.oem3 (.const:ti_sysbios_knl_Swi_Object__DESC__C)

.const:ti_sysbios_knl_Task_Object__DESC__C 
*          0    000011d0    00000020     
                  000011d0    00000020     app_ble_pem3.oem3 (.const:ti_sysbios_knl_Task_Object__DESC__C)

.const:ti_sysbios_knl_Idle_funcList__C 
*          0    000011f0    00000008     
                  000011f0    00000008     app_ble_pem3.oem3 (.const:ti_sysbios_knl_Idle_funcList__C)

.const:ti_sysbios_family_arm_cc26xx_Timer_startupNeeded__C 
*          0    000011f8    00000004     
                  000011f8    00000004     app_ble_pem3.oem3 (.const:ti_sysbios_family_arm_cc26xx_Timer_startupNeeded__C)

.const:ti_sysbios_family_arm_m3_Hwi_E_alreadyDefined__C 
*          0    000011fc    00000004     
                  000011fc    00000004     app_ble_pem3.oem3 (.const:ti_sysbios_family_arm_m3_Hwi_E_alreadyDefined__C)

.const:ti_sysbios_family_arm_m3_Hwi_E_hwiLimitExceeded__C 
*          0    00001200    00000004     
                  00001200    00000004     app_ble_pem3.oem3 (.const:ti_sysbios_family_arm_m3_Hwi_E_hwiLimitExceeded__C)

.const:ti_sysbios_family_arm_m3_Hwi_NUM_INTERRUPTS__C 
*          0    00001204    00000004     
                  00001204    00000004     app_ble_pem3.oem3 (.const:ti_sysbios_family_arm_m3_Hwi_NUM_INTERRUPTS__C)

.const:ti_sysbios_family_arm_m3_Hwi_Object__count__C 
*          0    00001208    00000004     
                  00001208    00000004     app_ble_pem3.oem3 (.const:ti_sysbios_family_arm_m3_Hwi_Object__count__C)

.const:ti_sysbios_family_arm_m3_Hwi_Object__table__C 
*          0    0000120c    00000004     
                  0000120c    00000004     app_ble_pem3.oem3 (.const:ti_sysbios_family_arm_m3_Hwi_Object__table__C)

.const:ti_sysbios_family_arm_m3_Hwi_ccr__C 
*          0    00001210    00000004     
                  00001210    00000004     app_ble_pem3.oem3 (.const:ti_sysbios_family_arm_m3_Hwi_ccr__C)

.const:ti_sysbios_family_arm_m3_Hwi_excHandlerFunc__C 
*          0    00001214    00000004     
                  00001214    00000004     app_ble_pem3.oem3 (.const:ti_sysbios_family_arm_m3_Hwi_excHandlerFunc__C)

.const:ti_sysbios_family_arm_m3_Hwi_nullIsrFunc__C 
*          0    00001218    00000004     
                  00001218    00000004     app_ble_pem3.oem3 (.const:ti_sysbios_family_arm_m3_Hwi_nullIsrFunc__C)

.const:ti_sysbios_family_arm_m3_Hwi_numSparseInterrupts__C 
*          0    0000121c    00000004     
                  0000121c    00000004     app_ble_pem3.oem3 (.const:ti_sysbios_family_arm_m3_Hwi_numSparseInterrupts__C)

.const:ti_sysbios_family_arm_m3_Hwi_priGroup__C 
*          0    00001220    00000004     
                  00001220    00000004     app_ble_pem3.oem3 (.const:ti_sysbios_family_arm_m3_Hwi_priGroup__C)

.const:ti_sysbios_family_arm_m3_TaskSupport_stackAlignment__C 
*          0    00001224    00000004     
                  00001224    00000004     app_ble_pem3.oem3 (.const:ti_sysbios_family_arm_m3_TaskSupport_stackAlignment__C)

.const:ti_sysbios_heaps_HeapMem_E_memory__C 
*          0    00001228    00000004     
                  00001228    00000004     app_ble_pem3.oem3 (.const:ti_sysbios_heaps_HeapMem_E_memory__C)

.const:ti_sysbios_heaps_HeapMem_Module__gateObj__C 
*          0    0000122c    00000004     
                  0000122c    00000004     app_ble_pem3.oem3 (.const:ti_sysbios_heaps_HeapMem_Module__gateObj__C)

.const:ti_sysbios_heaps_HeapMem_Object__count__C 
*          0    00001230    00000004     
                  00001230    00000004     app_ble_pem3.oem3 (.const:ti_sysbios_heaps_HeapMem_Object__count__C)

.const:ti_sysbios_heaps_HeapMem_Object__table__C 
*          0    00001234    00000004     
                  00001234    00000004     app_ble_pem3.oem3 (.const:ti_sysbios_heaps_HeapMem_Object__table__C)

.const:ti_sysbios_heaps_HeapMem_reqAlign__C 
*          0    00001238    00000004     
                  00001238    00000004     app_ble_pem3.oem3 (.const:ti_sysbios_heaps_HeapMem_reqAlign__C)

.const:ti_sysbios_knl_Clock_triggerClock__C 
*          0    0000123c    00000004     
                  0000123c    00000004     app_ble_pem3.oem3 (.const:ti_sysbios_knl_Clock_triggerClock__C)

.const:ti_sysbios_knl_Mailbox_Object__count__C 
*          0    00001240    00000004     
                  00001240    00000004     app_ble_pem3.oem3 (.const:ti_sysbios_knl_Mailbox_Object__count__C)

.const:ti_sysbios_knl_Mailbox_Object__table__C 
*          0    00001244    00000004     
                  00001244    00000004     app_ble_pem3.oem3 (.const:ti_sysbios_knl_Mailbox_Object__table__C)

.const:ti_sysbios_knl_Mailbox_maxTypeAlign__C 
*          0    00001248    00000004     
                  00001248    00000004     app_ble_pem3.oem3 (.const:ti_sysbios_knl_Mailbox_maxTypeAlign__C)

.const:ti_sysbios_knl_Queue_Object__count__C 
*          0    0000124c    00000004     
                  0000124c    00000004     app_ble_pem3.oem3 (.const:ti_sysbios_knl_Queue_Object__count__C)

.const:ti_sysbios_knl_Queue_Object__table__C 
*          0    00001250    00000004     
                  00001250    00000004     app_ble_pem3.oem3 (.const:ti_sysbios_knl_Queue_Object__table__C)

.const:ti_sysbios_knl_Semaphore_eventPost__C 
*          0    00001254    00000004     
                  00001254    00000004     app_ble_pem3.oem3 (.const:ti_sysbios_knl_Semaphore_eventPost__C)

.const:ti_sysbios_knl_Semaphore_eventSync__C 
*          0    00001258    00000004     
                  00001258    00000004     app_ble_pem3.oem3 (.const:ti_sysbios_knl_Semaphore_eventSync__C)

.const:ti_sysbios_knl_Swi_Object__count__C 
*          0    0000125c    00000004     
                  0000125c    00000004     app_ble_pem3.oem3 (.const:ti_sysbios_knl_Swi_Object__count__C)

.const:ti_sysbios_knl_Swi_Object__table__C 
*          0    00001260    00000004     
                  00001260    00000004     app_ble_pem3.oem3 (.const:ti_sysbios_knl_Swi_Object__table__C)

.const:ti_sysbios_knl_Swi_numPriorities__C 
*          0    00001264    00000004     
                  00001264    00000004     app_ble_pem3.oem3 (.const:ti_sysbios_knl_Swi_numPriorities__C)

.const:ti_sysbios_knl_Task_Object__count__C 
*          0    00001268    00000004     
                  00001268    00000004     app_ble_pem3.oem3 (.const:ti_sysbios_knl_Task_Object__count__C)

.const:ti_sysbios_knl_Task_Object__table__C 
*          0    0000126c    00000004     
                  0000126c    00000004     app_ble_pem3.oem3 (.const:ti_sysbios_knl_Task_Object__table__C)

.const:ti_sysbios_knl_Task_allBlockedFunc__C 
*          0    00001270    00000004     
                  00001270    00000004     app_ble_pem3.oem3 (.const:ti_sysbios_knl_Task_allBlockedFunc__C)

.const:ti_sysbios_knl_Task_defaultStackHeap__C 
*          0    00001274    00000004     
                  00001274    00000004     app_ble_pem3.oem3 (.const:ti_sysbios_knl_Task_defaultStackHeap__C)

.const:ti_sysbios_knl_Task_defaultStackSize__C 
*          0    00001278    00000004     
                  00001278    00000004     app_ble_pem3.oem3 (.const:ti_sysbios_knl_Task_defaultStackSize__C)

.const:ti_sysbios_knl_Task_numConstructedTasks__C 
*          0    0000127c    00000004     
                  0000127c    00000004     app_ble_pem3.oem3 (.const:ti_sysbios_knl_Task_numConstructedTasks__C)

.const:ti_sysbios_family_arm_cc26xx_Timer_Module__id__C 
*          0    00001280    00000002     
                  00001280    00000002     app_ble_pem3.oem3 (.const:ti_sysbios_family_arm_cc26xx_Timer_Module__id__C)

.const:ti_sysbios_family_arm_cc26xx_TimestampProvider_useClockTimer__C 
*          0    00001282    00000002     
                  00001282    00000002     app_ble_pem3.oem3 (.const:ti_sysbios_family_arm_cc26xx_TimestampProvider_useClockTimer__C)

.const:ti_sysbios_family_arm_m3_Hwi_Module__id__C 
*          0    00001284    00000002     
                  00001284    00000002     app_ble_pem3.oem3 (.const:ti_sysbios_family_arm_m3_Hwi_Module__id__C)

.const:ti_sysbios_gates_GateHwi_Module__id__C 
*          0    00001286    00000002     
                  00001286    00000002     app_ble_pem3.oem3 (.const:ti_sysbios_gates_GateHwi_Module__id__C)

.const:ti_sysbios_gates_GateMutex_Module__id__C 
*          0    00001288    00000002     
                  00001288    00000002     app_ble_pem3.oem3 (.const:ti_sysbios_gates_GateMutex_Module__id__C)

.const:ti_sysbios_heaps_HeapMem_Module__id__C 
*          0    0000128a    00000002     
                  0000128a    00000002     app_ble_pem3.oem3 (.const:ti_sysbios_heaps_HeapMem_Module__id__C)

.const:ti_sysbios_knl_Task_initStackFlag__C 
*          0    0000128c    00000002     
                  0000128c    00000002     app_ble_pem3.oem3 (.const:ti_sysbios_knl_Task_initStackFlag__C)

.const:ti_sysbios_knl_Clock_tickMode__C 
*          0    0000128e    00000001     
                  0000128e    00000001     app_ble_pem3.oem3 (.const:ti_sysbios_knl_Clock_tickMode__C)

.const:xdc_runtime_Startup_firstFxns__C 
*          0    00001290    00000008     
                  00001290    00000008     app_ble_pem3.oem3 (.const:xdc_runtime_Startup_firstFxns__C)

.const:xdc_runtime_Startup_lastFxns__C 
*          0    00001298    00000008     
                  00001298    00000008     app_ble_pem3.oem3 (.const:xdc_runtime_Startup_lastFxns__C)

.const:xdc_runtime_Assert_E_assertFailed__C 
*          0    000012a0    00000004     
                  000012a0    00000004     app_ble_pem3.oem3 (.const:xdc_runtime_Assert_E_assertFailed__C)

.const:xdc_runtime_Error_E_memory__C 
*          0    000012a4    00000004     
                  000012a4    00000004     app_ble_pem3.oem3 (.const:xdc_runtime_Error_E_memory__C)

.const:xdc_runtime_Error_policyFxn__C 
*          0    000012a8    00000004     
                  000012a8    00000004     app_ble_pem3.oem3 (.const:xdc_runtime_Error_policyFxn__C)

.const:xdc_runtime_Error_raiseHook__C 
*          0    000012ac    00000004     
                  000012ac    00000004     app_ble_pem3.oem3 (.const:xdc_runtime_Error_raiseHook__C)

.const:xdc_runtime_IGateProvider_Interface__BASE__C 
*          0    000012b0    00000004     
                  000012b0    00000004     app_ble_pem3.oem3 (.const:xdc_runtime_IGateProvider_Interface__BASE__C)

.const:xdc_runtime_IHeap_Interface__BASE__C 
*          0    000012b4    00000004     
                  000012b4    00000004     app_ble_pem3.oem3 (.const:xdc_runtime_IHeap_Interface__BASE__C)

.const:xdc_runtime_IModule_Interface__BASE__C 
*          0    000012b8    00000004     
                  000012b8    00000004     app_ble_pem3.oem3 (.const:xdc_runtime_IModule_Interface__BASE__C)

.const:xdc_runtime_Memory_defaultHeapInstance__C 
*          0    000012bc    00000004     
                  000012bc    00000004     app_ble_pem3.oem3 (.const:xdc_runtime_Memory_defaultHeapInstance__C)

.const:xdc_runtime_Startup_execImpl__C 
*          0    000012c0    00000004     
                  000012c0    00000004     app_ble_pem3.oem3 (.const:xdc_runtime_Startup_execImpl__C)

.const:xdc_runtime_Startup_maxPasses__C 
*          0    000012c4    00000004     
                  000012c4    00000004     app_ble_pem3.oem3 (.const:xdc_runtime_Startup_maxPasses__C)

.const:xdc_runtime_Startup_sfxnRts__C 
*          0    000012c8    00000004     
                  000012c8    00000004     app_ble_pem3.oem3 (.const:xdc_runtime_Startup_sfxnRts__C)

.const:xdc_runtime_Startup_sfxnTab__C 
*          0    000012cc    00000004     
                  000012cc    00000004     app_ble_pem3.oem3 (.const:xdc_runtime_Startup_sfxnTab__C)

.const:xdc_runtime_Startup_startModsFxn__C 
*          0    000012d0    00000004     
                  000012d0    00000004     app_ble_pem3.oem3 (.const:xdc_runtime_Startup_startModsFxn__C)

.const:xdc_runtime_SysCallback_abortFxn__C 
*          0    000012d4    00000004     
                  000012d4    00000004     app_ble_pem3.oem3 (.const:xdc_runtime_SysCallback_abortFxn__C)

.const:xdc_runtime_SysCallback_exitFxn__C 
*          0    000012d8    00000004     
                  000012d8    00000004     app_ble_pem3.oem3 (.const:xdc_runtime_SysCallback_exitFxn__C)

.const:xdc_runtime_System_abortFxn__C 
*          0    000012dc    00000004     
                  000012dc    00000004     app_ble_pem3.oem3 (.const:xdc_runtime_System_abortFxn__C)

.const:xdc_runtime_System_exitFxn__C 
*          0    000012e0    00000004     
                  000012e0    00000004     app_ble_pem3.oem3 (.const:xdc_runtime_System_exitFxn__C)

.const:xdc_runtime_System_maxAtexitHandlers__C 
*          0    000012e4    00000004     
                  000012e4    00000004     app_ble_pem3.oem3 (.const:xdc_runtime_System_maxAtexitHandlers__C)

.const:xdc_runtime_Text_charTab__C 
*          0    000012e8    00000004     
                  000012e8    00000004     app_ble_pem3.oem3 (.const:xdc_runtime_Text_charTab__C)

.const:xdc_runtime_Text_nameEmpty__C 
*          0    000012ec    00000004     
                  000012ec    00000004     app_ble_pem3.oem3 (.const:xdc_runtime_Text_nameEmpty__C)

.const:xdc_runtime_Text_nameStatic__C 
*          0    000012f0    00000004     
                  000012f0    00000004     app_ble_pem3.oem3 (.const:xdc_runtime_Text_nameStatic__C)

.const:xdc_runtime_Text_nameUnknown__C 
*          0    000012f4    00000004     
                  000012f4    00000004     app_ble_pem3.oem3 (.const:xdc_runtime_Text_nameUnknown__C)

.const:xdc_runtime_Error_maxDepth__C 
*          0    000012f8    00000002     
                  000012f8    00000002     app_ble_pem3.oem3 (.const:xdc_runtime_Error_maxDepth__C)

.const:xdc_runtime_Memory_Module__id__C 
*          0    000012fa    00000002     
                  000012fa    00000002     app_ble_pem3.oem3 (.const:xdc_runtime_Memory_Module__id__C)

.const:xdc_runtime_Text_charCnt__C 
*          0    000012fc    00000002     
                  000012fc    00000002     app_ble_pem3.oem3 (.const:xdc_runtime_Text_charCnt__C)

.const:xdc_runtime_Text_isLoaded__C 
*          0    000012fe    00000002     
                  000012fe    00000002     app_ble_pem3.oem3 (.const:xdc_runtime_Text_isLoaded__C)

.const:xdc_runtime_Error_policy__C 
*          0    00001300    00000001     
                  00001300    00000001     app_ble_pem3.oem3 (.const:xdc_runtime_Error_policy__C)

.const:ti_sysbios_rom_ROM_ti_sysbios_family_arm_cc26xx_Timer_getCount64__E 
*          0    00001304    00000004     
                  00001304    00000004     app_ble_pem3.oem3 (.const:ti_sysbios_rom_ROM_ti_sysbios_family_arm_cc26xx_Timer_getCount64__E)

.const:ti_sysbios_rom_ROM_ti_sysbios_family_arm_cc26xx_Timer_getCurrentTick__E 
*          0    00001308    00000004     
                  00001308    00000004     app_ble_pem3.oem3 (.const:ti_sysbios_rom_ROM_ti_sysbios_family_arm_cc26xx_Timer_getCurrentTick__E)

.const:ti_sysbios_rom_ROM_ti_sysbios_family_arm_cc26xx_Timer_getMaxTicks__E 
*          0    0000130c    00000004     
                  0000130c    00000004     app_ble_pem3.oem3 (.const:ti_sysbios_rom_ROM_ti_sysbios_family_arm_cc26xx_Timer_getMaxTicks__E)

.const:ti_sysbios_rom_ROM_ti_sysbios_family_arm_cc26xx_Timer_initDevice__I 
*          0    00001310    00000004     
                  00001310    00000004     app_ble_pem3.oem3 (.const:ti_sysbios_rom_ROM_ti_sysbios_family_arm_cc26xx_Timer_initDevice__I)

.const:ti_sysbios_rom_ROM_ti_sysbios_family_arm_cc26xx_Timer_setNextTick__E 
*          0    00001314    00000004     
                  00001314    00000004     app_ble_pem3.oem3 (.const:ti_sysbios_rom_ROM_ti_sysbios_family_arm_cc26xx_Timer_setNextTick__E)

.const:ti_sysbios_rom_ROM_ti_sysbios_family_arm_cc26xx_Timer_setThreshold__I 
*          0    00001318    00000004     
                  00001318    00000004     app_ble_pem3.oem3 (.const:ti_sysbios_rom_ROM_ti_sysbios_family_arm_cc26xx_Timer_setThreshold__I)

.const:ti_sysbios_rom_ROM_ti_sysbios_family_arm_cc26xx_Timer_start__E 
*          0    0000131c    00000004     
                  0000131c    00000004     app_ble_pem3.oem3 (.const:ti_sysbios_rom_ROM_ti_sysbios_family_arm_cc26xx_Timer_start__E)

.const:ti_sysbios_rom_ROM_ti_sysbios_family_arm_cc26xx_TimestampProvider_get32__E 
*          0    00001320    00000004     
                  00001320    00000004     app_ble_pem3.oem3 (.const:ti_sysbios_rom_ROM_ti_sysbios_family_arm_cc26xx_TimestampProvider_get32__E)

.const:ti_sysbios_rom_ROM_xdc_runtime_Startup_getState__I 
*          0    00001324    00000004     
                  00001324    00000004     app_ble_pem3.oem3 (.const:ti_sysbios_rom_ROM_xdc_runtime_Startup_getState__I)

.const:ti_sysbios_rom_ROM_xdc_runtime_System_SupportProxy_abort__E 
*          0    00001328    00000004     
                  00001328    00000004     app_ble_pem3.oem3 (.const:ti_sysbios_rom_ROM_xdc_runtime_System_SupportProxy_abort__E)

.const:ti_sysbios_rom_ROM_xdc_runtime_System_SupportProxy_exit__E 
*          0    0000132c    00000004     
                  0000132c    00000004     app_ble_pem3.oem3 (.const:ti_sysbios_rom_ROM_xdc_runtime_System_SupportProxy_exit__E)

.text.2    0    00001330    0000e0c4     
                  00001330    00000548     peripheral.obj (.text:gapRole_processGAPMsg)
                  00001878    00000364     hid_keyboard.obj (.text:HidKeyboard_TaskFxn)
                  00001bdc    00000324     hid_keyboard.obj (.text:HidKeyBoard_HandleKeys)
                  00001f00    00000314     drivers_cc26x0r2.aem3 : PowerCC26XX_calibrateRCOSC.oem3 (.text:PowerCC26XX_auxISR)
                  00002214    000002b8     cc2640_ll_pxxx.a : ll_scheduler.o (.text)
                  000024cc    000002b4                      : ll.o (.text)
                  00002780    0000028c     RFCC26XX_singleMode.obj (.text:RF_postCmd)
                  00002a0c    00000274     peripheral.obj (.text:GAPRole_GetParameter)
                  00002c80    00000270     hidkbdservice.obj (.text:HidKbd_AddService)
                  00002ef0    0000024c     drivers_cc26x0r2.aem3 : CryptoCC26XX.oem3 (.text:cryptoTransactionExecute)
                  0000313c    00000238     RFCC26XX_singleMode.obj (.text:abortCmd)
                  00003374    00000228     cc26xx_profiles_pxxx.a : gapgattserver.o (.text)
                  0000359c    0000021c     drivers_cc26x0r2.aem3 : PowerCC26XX.oem3 (.text:Power_sleep)
                  000037b8    00000218     hid_keyboard.obj (.text:HidKeyboard_Init)
                  000039d0    0000020c     driverlib.lib : sys_ctrl.obj (.text:NOROM_SysCtrlSetRechargeBeforePowerDown)
                  00003bdc    0000020c     cc2640_ll_pxxx.a : ll_isr.o (.text)
                  00003de8    000001fc     RFCC26XX_singleMode.obj (.text:fsmSetupState)
                  00003fe4    000001f8     cc26xx_profiles_pxxx.a : gattservapp.o (.text)
                  000041dc    000001f4     rtsv7M3_T_le_eabi.lib : ull_div_t2.obj (.text)
                  000043d0    000001d8     hid_emu_kbd_cc2640r2lp_stack_library.lib : gapbondmgr.obj (.text:GAPBondMgr_ProcessGAPMsg)
                  000045a8    000001d0                                              : gapbondmgr.obj (.text:gapBondMgrAddBond)
                  00004778    000001c8     Board_keyConfig.obj (.text:Board_isGhostKey)
                  00004940    000001c8     hid_emu_kbd_cc2640r2lp_stack_library.lib : osal.obj (.text:osal_run_system)
                  00004b08    000001c4     Board_keyConfig.obj (.text:Board_initKeys)
                  00004ccc    000001c0     hiddev.obj (.text:HidDev_WriteAttrCB)
                  00004e8c    000001c0     cc2640_ll_pxxx.a : ll_common.o (.text)
                  0000504c    000001c0                      : ll_isr.o (.text)
                  0000520c    000001b4     drivers_cc26x0r2.aem3 : PINCC26XX.oem3 (.text:PIN_init)
                  000053c0    000001a0     Board_keyConfig.obj (.text:Board_scanKeys)
                  00005560    000001a0     cc2640_ll_pxxx.a : ll_isr.o (.text)
                  00005700    000001a0     devinfoservice.obj (.text:devInfo_ReadAttrCB)
                  000058a0    00000198     drivers_cc26x0r2.aem3 : PowerCC26XX_calibrateRCOSC.oem3 (.text:PowerCC26XX_doCalibrate)
                  00005a38    00000198     cc26xx_sm_pxxx.a : sm_pairing.o (.text)
                  00005bd0    00000194     hiddev.obj (.text:HidDev_ReadAttrCB)
                  00005d64    0000018c     hid_emu_kbd_cc2640r2lp_stack_library.lib : gapbondmgr.obj (.text:GAPBondMgr_SetParameter)
                  00005ef0    00000184     RFCC26XX_singleMode.obj (.text:fsmPowerUpState)
                  00006074    00000170     cc2640_ll_pxxx.a : ll.o (.text)
                  000061e4    0000016c     peripheral.obj (.text:gapRole_taskFxn)
                  00006350    00000164     RFCC26XX_singleMode.obj (.text:rf_init)
                  000064b4    00000160     RFCC26XX_singleMode.obj (.text:hwiFxnCpe0Active)
                  00006614    0000015c     RFCC26XX_singleMode.obj (.text:radioOpDoneCb)
                  00006770    00000150     hid_emu_kbd_cc2640r2lp_stack_library.lib : gapbondmgr.obj (.text:GAPBondMgr_ProcessEvent)
                  000068c0    0000014c     icall.obj (.text:ICall_heapMalloc)
                  00006a0c    00000140     icall.obj (.text:ICall_waitMatch)
                  00006b4c    00000134     drivers_cc26x0r2.aem3 : PowerCC26XX.oem3 (.text:Power_init)
                  00006c80    00000130     hid_emu_kbd_cc2640r2lp_stack_library.lib : gapbondmgr.obj (.text:gapBondMgrEraseBonding)
                  00006db0    0000012c     hiddev.obj (.text:HidDev_taskFxn)
                  00006edc    0000012c     hid_emu_kbd_cc2640r2lp_stack_library.lib : osal_snv_wrapper.obj (.text:compactPage)
                  00007008    00000128     cc2640_ll_pxxx.a : ll_scheduler.o (.text)
                  00007130    00000108     hid_emu_kbd_cc2640r2lp_stack_library.lib : osal_snv_wrapper.obj (.text:NVOCOP_writeItem)
                  00007238    00000104     peripheral.obj (.text:gapRole_init)
                  0000733c    00000100     RFCC26XX_singleMode.obj (.text:RF_open)
                  0000743c    000000f8     drivers_cc26x0r2.aem3 : CryptoCC26XX.oem3 (.text:CryptoCC26XX_open)
                  00007534    000000f4     hid_emu_kbd_cc2640r2lp_stack_library.lib : osal_timers.obj (.text:osalTimerUpdate)
                  00007628    000000f4     scanparamservice.obj (.text:scanParamWriteAttrCB)
                  0000771c    000000e4     hid_emu_kbd_cc2640r2lp_stack_library.lib : gapbondmgr.obj (.text:GAPBondMgr_LinkEst)
                  00007800    000000e0                                              : osal.obj (.text:osal_set_event)
                  000078e0    000000dc     drivers_cc26x0r2.aem3 : PINCC26XX.oem3 (.text:PINCC26XX_setIoCfg)
                  000079bc    000000d4     hid_keyboard.obj (.text:HidKeyBoard_InitKeyInfo)
                  00007a90    000000d4     icall.obj (.text:ICall_enrollService)
                  00007b64    000000d4     dpl_cc26x0r2.aem3 : PowerCC26XX_tirtos.oem3 (.text:PowerCC26XX_standbyPolicy)
                  00007c38    000000d0     hid_emu_kbd_cc2640r2lp_stack_library.lib : gapbondmgr.obj (.text:gapBondMgrAuthenticate)
                  00007d08    000000d0     RFCC26XX_singleMode.obj (.text:swiFxnHw)
                  00007dd8    000000cc     hiddev.obj (.text:HidDev_enqueueReport)
                  00007ea4    000000c8     hid_keyboard.obj (.text:HidKeyBoard_CheckModifierByteStatus)
                  00007f6c    000000c8     peripheral.obj (.text:gapRole_startConnUpdate)
                  00008034    000000c6     hid_keyboard.obj (.text:HidKeyboard_ReportCB)
                  000080fa    00000002     hid_emu_kbd_cc2640r2lp_stack_library.lib : common_rom_init.obj (.text:CommonROM_Init)
                  000080fc    000000c4     hiddev.obj (.text:HidDev_processPairStateEvt)
                  000081c0    000000c0     hid_emu_kbd_cc2640r2lp_stack_library.lib : gapbondmgr.obj (.text:GAPBondMgr_GetParameter)
                  00008280    000000c0     hiddev.obj (.text:HidDev_init)
                  00008340    000000c0     icall.obj (.text:ICall_heapInit)
                  00008400    000000c0     icall.obj (.text:ICall_setTimer)
                  000084c0    000000bc     drivers_cc26x0r2.aem3 : PowerCC26XX.oem3 (.text:Power_releaseDependency)
                  0000857c    000000b4     hiddev.obj (.text:HidDev_processStateChangeEvt)
                  00008630    000000b4     drivers_cc26x0r2.aem3 : PowerCC26XX.oem3 (.text:Power_setDependency)
                  000086e4    000000b4     hid_emu_kbd_cc2640r2lp_stack_library.lib : ble_user_config.obj (.text:setBleUserConfig)
                  00008798    000000b0     hiddev.obj (.text:HidDev_sendReport)
                  00008848    000000b0     icall.obj (.text:ICall_registerApp)
                  000088f8    000000b0     battservice.obj (.text:battWriteAttrCB)
                  000089a8    000000ac     driverlib.lib : setup.obj (.text:NOROM_SetupTrimDevice)
                  00008a54    000000ac     TRNGCC26XX.obj (.text:TRNGCC26XX_getNumber)
                  00008b00    000000a8     hidkbdservice.obj (.text:HidKbd_SetParameter)
                  00008ba8    000000a8     icall.obj (.text:ICall_send)
                  00008c50    000000a8     battservice.obj (.text:battReadAttrCB)
                  00008cf8    000000a4     hid_emu_kbd_cc2640r2lp_stack_library.lib : gapbondmgr.obj (.text:GAPBondMgr_ResolveAddr)
                  00008d9c    000000a4     icall.obj (.text:ICall_newTask)
                  00008e40    000000a4     hid_emu_kbd_cc2640r2lp_stack_library.lib : osal_cbtimer.obj (.text:cbTimerSetup)
                  00008ee4    000000a4     cc2640_ll_pxxx.a : ll_scheduler.o (.text)
                  00008f88    000000a0     RFCC26XX_singleMode.obj (.text:RF_pendCmd)
                  00009028    000000a0     auto_init.aem3 : auto_init.oem3 (.text)
                  000090c8    000000a0     RFCC26XX_singleMode.obj (.text:decActiveClientCnt)
                  00009168    000000a0     hid_emu_kbd_cc2640r2lp_stack_library.lib : gapbondmgr.obj (.text:gapBondMgrUpdateCharCfg)
                  00009208    000000a0     icall.obj (.text:icall_directAPI)
                  000092a8    0000009c     battservice.obj (.text:Batt_GetParameter)
                  00009344    0000009c     icall.obj (.text:ICall_createRemoteTasks)
                  000093e0    0000009c     rtsv7M3_T_le_eabi.lib : memcpy_t2.obj (.text)
                  0000947c    00000098     icall_cc2650.obj (.text:ICallPlatform_pwrUpdActivityCounter)
                  00009514    00000098     drivers_cc26x0r2.aem3 : PINCC26XX.oem3 (.text:PIN_open)
                  000095ac    00000098     RFCC26XX_singleMode.obj (.text:RF_getCurrentTime)
                  00009644    00000098     rom_sysbios.aem3 : rom_sysbios.obj (.text:ti_sysbios_knl_Clock_workFuncDynamic__E)
                  000096dc    00000096     gattservapp_util.obj (.text:GATTServApp_ProcessCCCWriteReq)
                  00009772    00000002     driverlib.lib : rfc.obj (.text:NOROM_RFCAdi3VcoLdoVoltageMode)
                  00009774    00000094     hid_emu_kbd_cc2640r2lp_stack_library.lib : osal_cbtimer.obj (.text:osal_CbTimerProcessEvent)
                  00009808    00000090     driverlib.lib : crypto.obj (.text:NOROM_CRYPTOAesLoadKey)
                  00009898    00000090     RFCC26XX_singleMode.obj (.text:RF_getInfo)
                  00009928    00000090     cc26xx_hci_tl_none.a : hci_tl.o (.text)
                  000099b8    0000008c     icall.obj (.text:ICall_getEntityId)
                  00009a44    0000008c     driverlib.lib : setup.obj (.text:TrimAfterColdResetWakeupFromShutDown)
                  00009ad0    0000008c     drivers_cc26x0r2.aem3 : PowerCC26XX.oem3 (.text:disableLFClockQualifiers)
                  00009b5c    00000088     hidkbdservice.obj (.text:HidKbd_GetParameter)
                  00009be4    00000088     cc2640_ll_pxxx.a : ll_common.o (.text)
                  00009c6c    00000088     cc26xx_profiles_pxxx.a : gapgattserver.o (.text)
                  00009cf4    00000088     hid_emu_kbd_cc2640r2lp_stack_library.lib : osal_snv_wrapper.obj (.text:writeWord)
                  00009d7c    00000086     Board_keyConfig.obj (.text:Board_checkIfNewKey)
                  00009e02    00000084     icall.obj (.text:ICall_wait)
                  00009e86    00000002     driverlib.lib : rfc.obj (.text:NOROM_RFCRTrim)
                  00009e88    00000084     drivers_cc26x0r2.aem3 : PowerCC26XX.oem3 (.text:switchXOSCHFclockFunc)
                  00009f0c    00000080     hiddev.obj (.text:HidDev_sendNoti)
                  00009f8c    00000080     hid_emu_kbd_cc2640r2lp_stack_library.lib : osal_icall_ble.obj (.text:osalInitTasks)
                  0000a00c    0000007c                                              : gapbondmgr.obj (.text:GAPBondMgr_syncResolvingList)
                  0000a088    0000007c     hid_keyboard.obj (.text:HidKeyboard_ProcessStackMsg)
                  0000a104    0000007c     RFCC26XX_singleMode.obj (.text:applyRfCorePatch)
                  0000a180    0000007c     battservice.obj (.text:battNotify)
                  0000a1fc    0000007c     cc26xx_gap_pxxx.a : gap_linkmgr.o (.text)
                  0000a278    0000007c     RFCC26XX_singleMode.obj (.text:fsmXOSCState)
                  0000a2f4    0000007a     drivers_cc26x0r2.aem3 : CryptoCC26XX.oem3 (.text:CryptoCC26XX_allocateKey)
                  0000a36e    0000007a     rtsv7M3_T_le_eabi.lib : memset_t2.obj (.text)
                  0000a3e8    00000078     hiddev.obj (.text:HidDev_Report)
                  0000a460    00000078     scanparamservice.obj (.text:ScanParam_RefreshNotify)
                  0000a4d8    00000078     cc26xx_profiles_pxxx.a : gattservapp.o (.text)
                  0000a550    00000078     peripheral.obj (.text:gapRole_processStackMsg)
                  0000a5c8    00000074     Board_keyConfig.obj (.text:Board_keyCallback)
                  0000a63c    00000074     gattservapp_util.obj (.text:GATTServApp_InitCharCfg)
                  0000a6b0    00000074     hiddev.obj (.text:HidDev_reportById)
                  0000a724    00000074     cc2640_ll_pxxx.a : ll_common.o (.text)
                  0000a798    00000074     RFCC26XX_singleMode.obj (.text:hwiFxnHw)
                  0000a80c    00000074     hid_emu_kbd_cc2640r2lp_stack_library.lib : osal.obj (.text:osal_msg_enqueue_push)
                  0000a880    00000074                                              : osal.obj (.text:osal_msg_receive)
                  0000a8f4    00000074                                              : osal.obj (.text:osal_msg_send)
                  0000a968    00000074     rom_sysbios.aem3 : rom_sysbios.obj (.text:ti_sysbios_family_arm_cc26xx_Timer_start__E)
                  0000a9dc    00000070     RFCC26XX_singleMode.obj (.text:RF_wakeupNotifyFxn)
                  0000aa4c    0000006c     board.obj (.text:CC2640R2_LAUNCHXL_sendExtFlashByte)
                  0000aab8    0000006c     hiddev.obj (.text:HidDev_processAppMsg)
                  0000ab24    0000006c     icall.obj (.text:ICall_init)
                  0000ab90    0000006c     driverlib.lib : osc.obj (.text:NOROM_OSCHF_AttemptToSwitchToXosc)
                  0000abfc    0000006c     drivers_cc26x0r2.aem3 : PowerCC26XX.oem3 (.text:PowerCC26XX_calibrate)
                  0000ac68    0000006c                           : PowerCC26XX_calibrateRCOSC.oem3 (.text:PowerCC26XX_initiateCalibration)
                  0000acd4    0000006c     hid_emu_kbd_cc2640r2lp_stack_library.lib : gapbondmgr.obj (.text:gapBondMgrBondReq)
                  0000ad40    0000006c                                              : osal_cbtimer.obj (.text:osal_CbTimerUpdate)
                  0000adac    0000006a     RFCC26XX_singleMode.obj (.text:syncCb)
                  0000ae16    00000002     hid_emu_kbd_cc2640r2lp_stack_library.lib : onboard.obj (.text:Onboard_soft_reset)
                  0000ae18    00000068     hiddev.obj (.text:HidDev_disconnected)
                  0000ae80    00000068     hid_keyboard.obj (.text:HidKeyBoard_ProcessFuncKey)
                  0000aee8    00000068     driverlib.lib : sys_ctrl.obj (.text:NOROM_SysCtrl_DCDC_VoltageConditionalControl)
                  0000af50    00000068     drivers_cc26x0r2.aem3 : PowerCC26XX.oem3 (.text:configureXOSCHF)
                  0000afb8    00000068     rtsv7M3_T_le_eabi.lib : copy_decompress_lzss.obj (.text:decompress:lzss)
                  0000b020    00000068     RFCC26XX_singleMode.obj (.text:getCmd)
                  0000b088    00000068     RFCC26XX_singleMode.obj (.text:ratChanFree)
                  0000b0f0    00000064     hiddev.obj (.text:HidDev_reportByHandle)
                  0000b154    00000064     icall.obj (.text:ICall_searchTask)
                  0000b1b8    00000064     driverlib.lib : sys_ctrl.obj (.text:NOROM_SysCtrlAdjustRechargeAfterPowerDown)
                  0000b21c    00000064     cc2640_ll_pxxx.a : ll_scheduler.o (.text)
                  0000b280    00000064     cc26xx_profiles_pxxx.a : gattservapp.o (.text)
                  0000b2e4    00000064     hid_emu_kbd_cc2640r2lp_stack_library.lib : osal_snv_wrapper.obj (.text:findItem)
                  0000b348    00000062     RFCC26XX_singleMode.obj (.text:Q_push)
                  0000b3aa    00000002     hid_emu_kbd_cc2640r2lp_stack_library.lib : sm_ecc.obj (.text:SM_dhKeyCB)
                  0000b3ac    00000060     peripheral.obj (.text:GAPRole_SendUpdateParam)
                  0000b40c    00000060     icall.obj (.text:ICall_searchServiceEntity)
                  0000b46c    00000060     scanparamservice.obj (.text:ScanParam_AddService)
                  0000b4cc    00000060     util.obj (.text:Util_constructClock)
                  0000b52c    00000060     hid_emu_kbd_cc2640r2lp_stack_library.lib : osal_icall_ble.obj (.text:stack_main)
                  0000b58c    0000005e     RFCC26XX_singleMode.obj (.text:updateImplicitState)
                  0000b5ea    00000002     hid_emu_kbd_cc2640r2lp_stack_library.lib : sm_ecc.obj (.text:SM_p256KeyCB)
                  0000b5ec    0000005c     hiddev.obj (.text:HidDev_reportByCccdHandle)
                  0000b648    0000005c     hid_keyboard.obj (.text:HidKeyboard_ReceiveReport)
                  0000b6a4    0000005c     icall.obj (.text:ICall_msecs2Ticks)
                  0000b700    0000005c     icall.obj (.text:ICall_primEntityId2ServiceId)
                  0000b75c    0000005c     drivers_cc26x0r2.aem3 : PowerCC26XX_calibrateRCOSC.oem3 (.text:PowerCC26XX_RCOSC_clockFunc)
                  0000b7b8    0000005c     RFCC26XX_singleMode.obj (.text:RF_runCmd)
                  0000b814    0000005c     cc26xx_profiles_pxxx.a : gattservapp.o (.text)
                  0000b870    0000005c     hid_emu_kbd_cc2640r2lp_stack_library.lib : osal_cbtimer.obj (.text:osal_CbTimerStop)
                  0000b8cc    0000005c     app_ble_pem3.oem3 (.text:xdc_runtime_Startup_getState__I)
                  0000b928    0000005a     main.obj (.text:AssertHandler)
                  0000b982    00000002     cc2640_ll_pxxx.a : ll_error_end_causes.o (.text)
                  0000b984    00000058     battservice.obj (.text:Batt_AddService)
                  0000b9dc    00000058     hid_keyboard.obj (.text:HidKeyboard_CheckKeyReleased)
                  0000ba34    00000058     icall.obj (.text:ICall_fetchMsg)
                  0000ba8c    00000058     drivers_cc26x0r2.aem3 : PINCC26XX.oem3 (.text:PIN_remove)
                  0000bae4    00000058     hid_emu_kbd_cc2640r2lp_stack_library.lib : gapbondmgr.obj (.text:gapBondMgrReadBonds)
                  0000bb3c    00000058                                              : osal_timers.obj (.text:osal_timer_refTimeUpdate)
                  0000bb94    00000054     hiddev.obj (.text:HidDev_lowAdvertising)
                  0000bbe8    00000054     hiddev.obj (.text:HidDev_processPasscodeEvt)
                  0000bc3c    00000054     RFCC26XX_singleMode.obj (.text:RF_getRssi)
                  0000bc90    00000054     TRNGCC26XX.obj (.text:TRNGCC26XX_isParamValid)
                  0000bce4    00000054     hid_emu_kbd_cc2640r2lp_stack_library.lib : osal_bufmgr.obj (.text:osal_bm_free)
                  0000bd38    00000054     rtsv7M3_T_le_eabi.lib : exit.obj (.text)
                  0000bd8c    00000052     icall.obj (.text:ICall_msgEnqueue)
                  0000bdde    00000002     drivers_cc26x0r2.aem3 : PowerCC26XX.oem3 (.text:emptyClockFunc)
                  0000bde0    00000050     battservice.obj (.text:Batt_SetParameter)
                  0000be30    00000050     hid_emu_kbd_cc2640r2lp_stack_library.lib : gapbondmgr.obj (.text:GAPBondMgr_LinkTerm)
                  0000be80    00000050                                              : gapbondmgr.obj (.text:GAPBondMgr_UpdateCharCfg)
                  0000bed0    00000050     hiddev.obj (.text:HidDev_Register)
                  0000bf20    00000050     hiddev.obj (.text:HidDev_highAdvertising)
                  0000bf70    00000050     hiddev.obj (.text:HidDev_initialAdvertising)
                  0000bfc0    00000050     hid_keyboard.obj (.text:HidKeyBoard_SendReport)
                  0000c010    00000050     icall.obj (.text:ICall_getMaxMSecs)
                  0000c060    00000050     RFCC26XX_singleMode.obj (.text:allocCmd)
                  0000c0b0    00000050     battservice.obj (.text:battNotifyLevel)
                  0000c100    00000050     cc26xx_profiles_pxxx.a : gattservapp.o (.text)
                  0000c150    00000050     gattservapp_util.obj (.text:gattServApp_FindCharCfgItem)
                  0000c1a0    00000050     main.obj (.text:main)
                  0000c1f0    0000004c     board.obj (.text:CC2640R2_LAUNCHXL_shutDownExtFlash)
                  0000c23c    0000004c     hid_emu_kbd_cc2640r2lp_stack_library.lib : npi.obj (.text:NPI_WriteTransport)
                  0000c288    0000004c                                              : osal_snv_wrapper.obj (.text:NVOCOP_initNV)
                  0000c2d4    0000004c     battservice.obj (.text:battMeasure)
                  0000c320    0000004c     hid_emu_kbd_cc2640r2lp_stack_library.lib : osal_snv_wrapper.obj (.text:erasePage)
                  0000c36c    0000004c                                              : gapbondmgr.obj (.text:gapBondMgrUpdateLruBondList)
                  0000c3b8    0000004c     peripheral.obj (.text:gapRole_HandleParamUpdateNoSuccess)
                  0000c404    0000004c     peripheral.obj (.text:gapRole_SetupGAP)
                  0000c450    0000004c     hid_emu_kbd_cc2640r2lp_stack_library.lib : osal_clock.obj (.text:osalAdjustTimer)
                  0000c49c    0000004c     rtsv7M3_T_le_eabi.lib : cpy_tbl.obj (.text)
                  0000c4e8    0000004a     hiddev.obj (.text:HidDev_passcodeCB)
                  0000c532    0000004a     icall.obj (.text:ICall_msgPrepend)
                  0000c57c    00000048     peripheral.obj (.text:GAPRole_TerminateConnection)
                  0000c5c4    00000048     hiddev.obj (.text:HidDev_enqueueMsg)
                  0000c60c    00000048     icall.obj (.text:ICall_fetchServiceMsg)
                  0000c654    00000048     util.obj (.text:Util_restartClock)
                  0000c69c    00000048     cc2640_ll_pxxx.a : ll_scheduler.o (.text)
                  0000c6e4    00000048     cc26xx_profiles_pxxx.a : gattservapp.o (.text)
                  0000c72c    00000048     hid_emu_kbd_cc2640r2lp_stack_library.lib : osal_timers.obj (.text:osalAddTimer)
                  0000c774    00000048                                              : osal.obj (.text:osal_init_system)
                  0000c7bc    00000048                                              : osal_timers.obj (.text:osal_start_timerEx)
                  0000c804    00000048     RFCC26XX_singleMode.obj (.text:postDirImmCmd)
                  0000c84c    00000046     hid_emu_kbd_cc2640r2lp_stack_library.lib : icall_lite_translation.obj (.text:icall_liteTranslation)
                  0000c892    00000044     gattservapp_util.obj (.text:GATTServApp_WriteCharCfg)
                  0000c8d6    00000002     hid_emu_kbd_cc2640r2lp_stack_library.lib : hal_assert.obj (.text:halAssertHandler)
                  0000c8d8    00000044     hid_keyboard.obj (.text:HidKeyboard_PassCodeCB)
                  0000c91c    00000044     icall.obj (.text:ICall_getLocalMsgEntityId)
                  0000c960    00000044     driverlib.lib : osc.obj (.text:NOROM_OSCHF_SwitchToRcOscTurnOffXosc)
                  0000c9a4    00000044     drivers_cc26x0r2.aem3 : PINCC26XX.oem3 (.text:PIN_swi)
                  0000c9e8    00000044     boot.aem3 : boot.oem3 (.text)
                  0000ca2c    00000044     RFCC26XX_singleMode.obj (.text:dispatchOpWhen)
                  0000ca70    00000044     drivers_cc26x0r2.aem3 : PowerCC26XX.oem3 (.text:notify)
                  0000cab4    00000042     hid_emu_kbd_cc2640r2lp_stack_library.lib : gap.obj (.text:GAP_DeviceInit)
                  0000caf6    00000042     util.obj (.text:Util_enqueueMsg)
                  0000cb38    00000040     hid_emu_kbd_cc2640r2lp_stack_library.lib : gapbondmgr.obj (.text:GAPBondMgr_Init)
                  0000cb78    00000040     hiddev.obj (.text:HidDev_dequeueReport)
                  0000cbb8    00000040     icall_cc2650.obj (.text:ICallPlatform_pwrDispenseImpl)
                  0000cbf8    00000040     icall_cc2650.obj (.text:ICallPlatform_pwrRequireImpl)
                  0000cc38    00000040     icall.obj (.text:ICall_heapFree)
                  0000cc78    00000040     hid_emu_kbd_cc2640r2lp_stack_library.lib : osal_snv_wrapper.obj (.text:NVOCOP_compactNV)
                  0000ccb8    00000040     cc26xx_profiles_pxxx.a : gattservapp.o (.text)
                  0000ccf8    00000040     hid_emu_kbd_cc2640r2lp_stack_library.lib : osal_bufmgr.obj (.text:osal_bm_alloc)
                  0000cd38    00000040                                              : osal.obj (.text:osal_clear_event)
                  0000cd78    00000040                                              : osal.obj (.text:osal_msg_extract)
                  0000cdb8    0000003e     icall.obj (.text:ICall_msgDequeue)
                  0000cdf6    0000003e     icall.obj (.text:ICall_sendServiceMsg)
                  0000ce34    0000003c     driverlib.lib : osc.obj (.text:NOROM_OSC_HPOSCRelativeFrequencyOffsetGet)
                  0000ce70    0000003c                   : rfc.obj (.text:NOROM_RFCSynthPowerDown)
                  0000ceac    0000003c     drivers_cc26x0r2.aem3 : PowerCC26XX.oem3 (.text:PowerCC26XX_isStableXOSC_HF)
                  0000cee8    0000003c                           : PowerCC26XX.oem3 (.text:PowerCC26XX_switchXOSC_HF)
                  0000cf24    0000003c     cc2640_ll_pxxx.a : ll_scheduler.o (.text)
                  0000cf60    0000003c     cc26xx_profiles_pxxx.a : gattservapp.o (.text)
                  0000cf9c    0000003c                            : gattservapp.o (.text)
                  0000cfd8    0000003c                            : gattservapp.o (.text)
                  0000d014    0000003c     hid_emu_kbd_cc2640r2lp_stack_library.lib : osal_timers.obj (.text:osal_start_reload_timer)
                  0000d050    00000038     peripheral.obj (.text:GAPRole_createTask)
                  0000d088    00000038     hid_keyboard.obj (.text:HIDKeyboard_CreateTask)
                  0000d0c0    00000038     hid_emu_kbd_cc2640r2lp_stack_library.lib : hal_flash_wrapper.obj (.text:HalFlashRead)
                  0000d0f8    00000038     hiddev.obj (.text:HidDev_createTask)
                  0000d130    00000038     hiddev.obj (.text:HidDev_processBatteryEvt)
                  0000d168    00000038     hid_emu_kbd_cc2640r2lp_stack_library.lib : osal_snv_wrapper.obj (.text:NVOCOP_readItem)
                  0000d1a0    00000038     drivers_cc26x0r2.aem3 : PINCC26XX.oem3 (.text:PIN_setOutputValue)
                  0000d1d8    00000038     hid_emu_kbd_cc2640r2lp_stack_library.lib : rom_init.obj (.text:ROM_Init)
                  0000d210    00000038     cc2640_ll_pxxx.a : ll_scheduler.o (.text)
                  0000d248    00000038                      : ll_scheduler.o (.text)
                  0000d280    00000038     cc26xx_l2cap_pxxx.a : l2cap_util.o (.text)
                  0000d2b8    00000038     hid_emu_kbd_cc2640r2lp_stack_library.lib : osal_snv_wrapper.obj (.text:disableCache)
                  0000d2f0    00000038                                              : osal_snv_wrapper.obj (.text:findOffset)
                  0000d328    00000038                                              : osal.obj (.text:osal_alien2proxy)
                  0000d360    00000038                                              : osal.obj (.text:osal_msec_timer_cback)
                  0000d398    00000038                                              : osal.obj (.text:osal_msg_enqueue)
                  0000d3d0    00000038                                              : osal.obj (.text:osal_start_system)
                  0000d408    00000038                                              : osal_timers.obj (.text:osal_stop_timerEx)
                  0000d440    00000038     rom_sysbios.aem3 : rom_sysbios.obj (.text:ti_sysbios_family_arm_cc26xx_Timer_getCurrentTick__E)
                  0000d478    00000038                      : rom_sysbios.obj (.text:ti_sysbios_family_arm_cc26xx_Timer_setThreshold__I)
                  0000d4b0    00000036     drivers_cc26x0r2.aem3 : CryptoCC26XX.oem3 (.text:CryptoCC26XX_loadKey)
                  0000d4e6    00000036     icall.obj (.text:ICall_setTimerMSecs)
                  0000d51c    00000034     hiddev.obj (.text:HidDev_reportReadyClockCB)
                  0000d550    00000034     icall.obj (.text:ICall_primRepostSync)
                  0000d584    00000034     icall.obj (.text:ICall_searchService)
                  0000d5b8    00000034     drivers_cc26x0r2.aem3 : PINCC26XX.oem3 (.text:PIN_setConfig)
                  0000d5ec    00000034                           : PINCC26XX.oem3 (.text:PIN_setInterrupt)
                  0000d620    00000034                           : PowerCC26XX.oem3 (.text:Power_releaseConstraint)
                  0000d654    00000034     cc2640_ll_pxxx.a : ll_isr.o (.text)
                  0000d688    00000034                      : ll_scheduler.o (.text)
                  0000d6bc    00000034     cc26xx_hci_tl_none.a : hci_tl.o (.text)
                  0000d6f0    00000034     hid_emu_kbd_cc2640r2lp_stack_library.lib : osal_timers.obj (.text:osal_get_timeoutEx)
                  0000d724    00000034                                              : icall_startup.obj (.text:startup_entry)
                  0000d758    00000034     rom_sysbios.aem3 : rom_sysbios.obj (.text:ti_sysbios_family_arm_cc26xx_Timer_initDevice__I)
                  0000d78c    00000032                      : rom_sysbios.obj (.text:ti_sysbios_family_arm_cc26xx_Timer_setNextTick__E)
                  0000d7be    00000002     hid_emu_kbd_cc2640r2lp_stack_library.lib : hal_assert.obj (.text:halAssertSpinlock)
                  0000d7c0    00000030     battservice.obj (.text:Batt_MeasLevel)
                  0000d7f0    00000030     Board_keyConfig.obj (.text:Board_setCapsLockLed)
                  0000d820    00000030     hid_emu_kbd_cc2640r2lp_stack_library.lib : gapbondmgr.obj (.text:GAPBondMgr_PasscodeRsp)
                  0000d850    00000030     hid_keyboard.obj (.text:HidKeyboard_ProcessPasscode)
                  0000d880    00000030     drivers_cc26x0r2.aem3 : PowerCC26XX.oem3 (.text:Power_setConstraint)
                  0000d8b0    00000030     TRNGCC26XX.obj (.text:TRNGCC26XX_init)
                  0000d8e0    00000030     cc2640_ll_pxxx.a : ll_scheduler.o (.text)
                  0000d910    00000030     cc26xx_profiles_pxxx.a : gattservapp.o (.text)
                  0000d940    00000030     app_ble_pem3.oem3 (.text:ti_sysbios_BIOS_atExitFunc__I)
                  0000d970    00000030     app_ble_pem3.oem3 (.text:ti_sysbios_BIOS_startFunc__I)
                  0000d9a0    0000002e     hiddev.obj (.text:HidDev_pairStateCB)
                  0000d9ce    0000002e     icall.obj (.text:ICall_dispatch)
                  0000d9fc    0000002e     cc26xx_profiles_pxxx.a : gattservapp.o (.text)
                  0000da2a    0000002e     hid_emu_kbd_cc2640r2lp_stack_library.lib : osal.obj (.text:osal_build_uint32)
                  0000da58    0000002c     driverlib.lib : chipinfo.obj (.text:NOROM_ChipInfo_GetChipFamily)
                  0000da84    0000002c     hid_emu_kbd_cc2640r2lp_stack_library.lib : ble_dispatch_lite.obj (.text:bleDispatch_BMAlloc)
                  0000dab0    0000002c     cc26xx_profiles_pxxx.a : gattservapp.o (.text)
                  0000dadc    0000002c     hid_emu_kbd_cc2640r2lp_stack_library.lib : gapbondmgr.obj (.text:gapBondMgrFindAddr)
                  0000db08    0000002c                                              : gapbondmgr.obj (.text:gapBondMgr_SyncWhiteList)
                  0000db34    0000002c     RFCC26XX_singleMode.obj (.text:hwiFxnCpe0PowerFsm)
                  0000db60    0000002c     rom_sysbios.aem3 : rom_sysbios.obj (.text:ti_sysbios_knl_Clock_getTicksUntilInterrupt__E)
                  0000db8c    00000028     drivers_cc26x0r2.aem3 : CryptoCC26XX.oem3 (.text:CryptoCC26XX_init)
                  0000dbb4    00000028     devinfoservice.obj (.text:DevInfo_AddService)
                  0000dbdc    00000028     peripheral.obj (.text:GAPRole_StartDevice)
                  0000dc04    00000028     drivers_cc26x0r2.aem3 : PowerCC26XX.oem3 (.text:Power_registerNotify)
                  0000dc2c    00000028     driverlib.lib : adi.obj (.text:SafeHapiVoid)
                  0000dc54    00000028     TRNGCC26XX.obj (.text:TRNGCC26XX_open)
                  0000dc7c    00000028     util.obj (.text:Util_dequeueMsg)
                  0000dca4    00000028     hid_emu_kbd_cc2640r2lp_stack_library.lib : ble_dispatch_lite.obj (.text:ble_dispatch_liteProcess)
                  0000dccc    00000028                                              : gapbondmgr.obj (.text:gapBondMgrBondTotal)
                  0000dcf4    00000028     icall.obj (.text:matchLiteCS)
                  0000dd1c    00000028     hid_emu_kbd_cc2640r2lp_stack_library.lib : osal_bufmgr.obj (.text:osal_bm_adjust_header)
                  0000dd44    00000028                                              : osal_timers.obj (.text:osal_next_timeout)
                  0000dd6c    00000026     drivers_cc26x0r2.aem3 : CryptoCC26XX.oem3 (.text:cryptoTransactionPend)
                  0000dd92    00000026     hid_emu_kbd_cc2640r2lp_stack_library.lib : gapbondmgr.obj (.text:gapBondMgrGetStateFlags)
                  0000ddb8    00000024     drivers_cc26x0r2.aem3 : CryptoCC26XX.oem3 (.text:CryptoCC26XX_hwiIntFxn)
                  0000dddc    00000024     hiddev.obj (.text:HidDev_RegisterReports)
                  0000de00    00000024     driverlib.lib : osc.obj (.text:NOROM_OSCHF_TurnOnXosc)
                  0000de24    00000024     drivers_cc26x0r2.aem3 : PINCC26XX.oem3 (.text:PINCC26XX_getPinCount)
                  0000de48    00000024     RFCC26XX_singleMode.obj (.text:Q_pop)
                  0000de6c    00000024     RFCC26XX_singleMode.obj (.text:RF_runDirectCmd)
                  0000de90    00000024     RFCC26XX_singleMode.obj (.text:RF_runImmediateCmd)
                  0000deb4    00000024     hid_emu_kbd_cc2640r2lp_stack_library.lib : osal_bufmgr.obj (.text:bm_desc_from_payload)
                  0000ded8    00000024                                              : osal.obj (.text:osal_msg_allocate)
                  0000defc    00000024                                              : osal.obj (.text:osal_msg_push)
                  0000df20    00000024                                              : osal.obj (.text:osal_service_entry)
                  0000df44    00000024                                              : osal_snv_wrapper.obj (.text:osal_snv_read)
                  0000df68    00000024     rtsv7M3_T_le_eabi.lib : memcmp.obj (.text)
                  0000df8c    00000024     app_ble_pem3.oem3 (.text:ti_sysbios_BIOS_registerRTSLock__I)
                  0000dfb0    00000024     app_ble_pem3.oem3 (.text:ti_sysbios_BIOS_removeRTSLock__I)
                  0000dfd4    00000024     rom_sysbios.aem3 : rom_sysbios.obj (.text:ti_sysbios_family_arm_cc26xx_Timer_getMaxTicks__E)
                  0000dff8    00000022     gattservapp_util.obj (.text:GATTServApp_ReadCharCfg)
                  0000e01a    00000022     drivers_cc26x0r2.aem3 : List.oem3 (.text:List_put)
                  0000e03c    00000020     hiddev.obj (.text:HidDev_StartDevice)
                  0000e05c    00000020     hiddev.obj (.text:HidDev_StartIdleTimer)
                  0000e07c    00000020     hiddev.obj (.text:HidDev_StopIdleTimer)
                  0000e09c    00000020     hiddev.obj (.text:HidDev_battPeriodicTask)
                  0000e0bc    00000020     hiddev.obj (.text:HidDev_bondCount)
                  0000e0dc    00000020     hid_keyboard.obj (.text:HidKeyBoard_KeyDetected)
                  0000e0fc    00000020     icall_cc2650.obj (.text:ICallPlatform_pwrDispense)
                  0000e11c    00000020     icall_cc2650.obj (.text:ICallPlatform_pwrRequire)
                  0000e13c    00000020     driverlib.lib : rfc.obj (.text:NOROM_RFCDoorbellSendTo)
                  0000e15c    00000020                   : rfc.obj (.text:NOROM_RFCRfTrimRead)
                  0000e17c    00000020     RFCC26XX_singleMode.obj (.text:RF_flushCmd)
                  0000e19c    00000020     RFCC26XX_singleMode.obj (.text:RF_getCmdOp)
                  0000e1bc    00000020     cc2640_ll_pxxx.a : ll_isr.o (.text)
                  0000e1dc    00000020     cc26xx_profiles_pxxx.a : gapgattserver.o (.text)
                  0000e1fc    00000020     hid_emu_kbd_cc2640r2lp_stack_library.lib : hal_assert.obj (.text:halAssertHandlerExt)
                  0000e21c    00000020     TRNGCC26XX.obj (.text:openTRNG)
                  0000e23c    00000020     hid_emu_kbd_cc2640r2lp_stack_library.lib : osal_timers.obj (.text:osalFindTimer)
                  0000e25c    00000020                                              : osal.obj (.text:osal_memcmp)
                  0000e27c    00000020                                              : osal.obj (.text:osal_msg_deallocate)
                  0000e29c    00000020                                              : osal.obj (.text:osal_proxy2alien)
                  0000e2bc    00000020     app_ble_pem3.oem3 (.text:ti_sysbios_BIOS_rtsLock__I)
                  0000e2dc    00000020     rom_sysbios.aem3 : rom_sysbios.obj (.text:ti_sysbios_family_arm_cc26xx_Timer_dynamicStub__E)
                  0000e2fc    0000001e     drivers_cc26x0r2.aem3 : PINCC26XX.oem3 (.text:PIN_close)
                  0000e31a    0000001e                           : PowerCC26XX.oem3 (.text:Power_getTransitionLatency)
                  0000e338    0000001e     cc26xx_profiles_pxxx.a : gattservapp.o (.text)
                  0000e356    0000001e     hid_emu_kbd_cc2640r2lp_stack_library.lib : gapbondmgr.obj (.text:gapBondMgrInvertCharCfgItem)
                  0000e374    0000001e                                              : gapbondmgr.obj (.text:gapBondSetupPrivFlag)
                  0000e392    0000001e                                              : osal_snv_wrapper.obj (.text:osal_snv_write)
                  0000e3b0    0000001c                                              : gapbondmgr.obj (.text:GAPBondMgr_Register)
                  0000e3cc    0000001c     driverlib.lib : flash.obj (.text:NOROM_FlashProgram)
                  0000e3e8    0000001c                   : flash.obj (.text:NOROM_FlashSectorErase)
                  0000e404    0000001c     drivers_cc26x0r2.aem3 : PINCC26XX.oem3 (.text:PINCC26XX_setIoCfgMux)
                  0000e420    0000001c                           : PINCC26XX.oem3 (.text:PIN_hwi)
                  0000e43c    0000001c     RFCC26XX_singleMode.obj (.text:RF_cancelCmd)
                  0000e458    0000001c     util.obj (.text:Util_isActive)
                  0000e474    0000001c     cc26xx_profiles_pxxx.a : gattservapp.o (.text)
                  0000e490    0000001c     ble_user_config.obj (.text:driverTable_fnSpinlock)
                  0000e4ac    0000001c     hid_emu_kbd_cc2640r2lp_stack_library.lib : osal_snv_wrapper.obj (.text:enableCache)
                  0000e4c8    0000001c                                              : gapbondmgr.obj (.text:gapBondFreeAuthEvt)
                  0000e4e4    0000001c                                              : osal_timers.obj (.text:osalTimerInit)
                  0000e500    0000001c                                              : osal_cbtimer.obj (.text:osal_CbTimerInit)
                  0000e51c    0000001c                                              : osal.obj (.text:osal_memdup)
                  0000e538    0000001c                                              : osal.obj (.text:osal_revmemcpy)
                  0000e554    0000001c     scanparamservice.obj (.text:scanParamReadAttrCB)
                  0000e570    0000001c     RFCC26XX_singleMode.obj (.text:swiFxnFsm)
                  0000e58c    0000001a     hid_emu_kbd_cc2640r2lp_stack_library.lib : hal_flash_wrapper.obj (.text:HalFlashGetAddress)
                  0000e5a6    0000001a     hiddev.obj (.text:HidDev_processStackMsg)
                  0000e5c0    0000001a     icall.obj (.text:ICall_leaveCSImpl)
                  0000e5da    0000001a     icall.obj (.text:ICall_pwrUpdActivityCounter)
                  0000e5f4    0000001a     hid_emu_kbd_cc2640r2lp_stack_library.lib : osal.obj (.text:osal_isbufset)
                  0000e60e    0000001a                                              : osal_snv_wrapper.obj (.text:osal_snv_compact)
                  0000e628    00000018     RFCC26XX_singleMode.obj (.text:FsmDispatch)
                  0000e640    00000018     icall.obj (.text:ICall_taskEntry)
                  0000e658    00000018     driverlib.lib : chipinfo.obj (.text:NOROM_ChipInfo_GetPackageType)
                  0000e670    00000018                   : rfc.obj (.text:NOROM_RFCCpeIntGetAndClear)
                  0000e688    00000018     drivers_cc26x0r2.aem3 : PowerCC26XX.oem3 (.text:Power_idleFunc)
                  0000e6a0    00000018     RFCC26XX_singleMode.obj (.text:RF_Params_init)
                  0000e6b8    00000018     hid_emu_kbd_cc2640r2lp_stack_library.lib : ble_dispatch_lite.obj (.text:bleDispatch_BMFree)
                  0000e6d0    00000018     RFCC26XX_singleMode.obj (.text:clkPowerUpFxn)
                  0000e6e8    00000018     drivers_cc26x0r2.aem3 : PowerCC26XX.oem3 (.text:configureRFCoreClocks)
                  0000e700    00000018                           : CryptoCC26XX.oem3 (.text:cryptoTransactionPoll)
                  0000e718    00000018     hid_emu_kbd_cc2640r2lp_stack_library.lib : gapbondmgr.obj (.text:gapBondMgrFindCharCfgItem)
                  0000e730    00000018                                              : ble_dispatch_lite.obj (.text:icall_liteMsgParser)
                  0000e748    00000018                                              : osal.obj (.text:osal_buffer_uint32)
                  0000e760    00000018                                              : osal.obj (.text:osal_enroll_senderid)
                  0000e778    00000018                                              : osal.obj (.text:osal_memcpy)
                  0000e790    00000018     rtsv7M3_T_le_eabi.lib : args_main.obj (.text)
                  0000e7a8    00000018                           : ll_mul_t2.obj (.text)
                  0000e7c0    00000018     app_ble_pem3.oem3 (.text:ti_sysbios_BIOS_rtsUnlock__I)
                  0000e7d8    00000018     rom_sysbios.aem3 : rom_sysbios.obj (.text:ti_sysbios_knl_Clock_getTimeout__E)
                  0000e7f0    00000018                      : rom_sysbios.obj (.text:ti_sysbios_knl_Swi_or__E)
                  0000e808    00000018     app_ble_pem3.oem3 (.text:ti_sysbios_rom_cortexm_cc26xx_r2_CC26xx_checkRevision__E)
                  0000e820    00000016     hiddev.obj (.text:HidDev_StartAdvertising)
                  0000e836    00000016     icall.obj (.text:ICall_enterCSImpl)
                  0000e84c    00000016     icall.obj (.text:ICall_stopTimer)
                  0000e862    00000016     hid_emu_kbd_cc2640r2lp_stack_library.lib : rom_init.obj (.text:ROM_Spinlock)
                  0000e878    00000016                                              : gapbondmgr.obj (.text:gapBondMgrEraseAllBondings)
                  0000e88e    00000016     app_ble_pem3.oem3 (.text:ti_sysbios_BIOS_errorRaiseHook__I)
                  0000e8a4    00000016     app_ble_pem3.oem3 (.text:ti_sysbios_BIOS_exitFunc__I)
                  0000e8ba    00000016     RFCC26XX_singleMode.obj (.text:ti_sysbios_family_arm_m3_Hwi_Params_init)
                  0000e8d0    00000016     RFCC26XX_singleMode.obj (.text:ti_sysbios_knl_Clock_Params_init)
                  0000e8e6    00000016     icall.obj (.text:ti_sysbios_knl_Clock_Params_init)
                  0000e8fc    00000016     util.obj (.text:ti_sysbios_knl_Clock_Params_init)
                  0000e912    00000016     RFCC26XX_singleMode.obj (.text:ti_sysbios_knl_Semaphore_Params_init)
                  0000e928    00000016     RFCC26XX_singleMode.obj (.text:ti_sysbios_knl_Swi_Params_init)
                  0000e93e    00000016     hid_keyboard.obj (.text:ti_sysbios_knl_Task_Params_init)
                  0000e954    00000016     hiddev.obj (.text:ti_sysbios_knl_Task_Params_init)
                  0000e96a    00000016     icall.obj (.text:ti_sysbios_knl_Task_Params_init)
                  0000e980    00000016     peripheral.obj (.text:ti_sysbios_knl_Task_Params_init)
                  0000e996    00000002     app_ble_pem3.oem3 (.text:ti_sysbios_BIOS_nullFunc__I)
                  0000e998    00000014     battservice.obj (.text:AONBatMonBatteryVoltageGet)
                  0000e9ac    00000014     battservice.obj (.text:Batt_Register)
                  0000e9c0    00000014     Board_keyConfig.obj (.text:Board_RegisterKeyCallBack)
                  0000e9d4    00000014     RFCC26XX_singleMode.obj (.text:FsmNextState)
                  0000e9e8    00000014     hiddev.obj (.text:HidDev_batteryCB)
                  0000e9fc    00000014     hiddev.obj (.text:HidDev_clockHandler)
                  0000ea10    00000014     hiddev.obj (.text:HidDev_stateChangeCB)
[...]
200045a6  gattAppTaskID                                                             
200045a7  appTaskID                                                                 
200045a8  flowCtrlTaskId                                                            
200045a9  SM_appTaskID                                                              
200045ac  resolvingList                                                             
200046ec  scanDataEntry                                                             
200047cc  wlTable                                                                   
200048a8  wlTableScan                                                               
20004a20  advCmd                                                                    
20004a68  localEccKeys                                                              
20004aac  initDataEntry                                                             
20004ae4  advDataEntry                                                              
20004b1c  l2capFixedChannels                                                        
20004b4c  linkCBs                                                                   
20004b7c  eccParams                                                                 
20004bac  initParam                                                                 
20004bd0  scanParam                                                                 
20004bf4  advParam                                                                  
20004c14  cryptoPRAND                                                               
20004c34  txModemTestCmd                                                            
20004c50  gapParams                                                                 
20004c6c  initCmd                                                                   
20004c84  connReqData                                                               
20004c9c  scanCmd                                                                   
20004cb4  scanOutput                                                                
20004ccc  trxTestCmd                                                                
20004ce4  rxModemTestCmd                                                            
20004cfc  rsp                                                                       
20004d14  fwParDtmCmd                                                               
20004d2c  rfSetup                                                                   
20004d44  fwParRfCmd                                                                
20004d5c  connOutput                                                                
20004d70  rxTestParam                                                               
20004d84  initDataQueue                                                             
20004d94  scanDataQueue                                                             
20004da4  advDataQueue                                                              
20004db4  advOutput                                                                 
20004dc4  txTestParam                                                               
20004dd4  initOutput                                                                
20004de0  rxTestOut                                                                 
20004dec  deviceFeatureSet                                                          
20004df8  cachedTRNGdata                                                            
20004e04  gapCurrentRandomAddr                                                      
20004e0c  slaveUpdateReq                                                            
20004e14  pBleEvtMask                                                               
20004e1c  pHciEvtMask                                                               
20004e24  pHciEvtMask2                                                              
20004e2c  ownPublicAddr                                                             
20004e34  ownRandomAddr                                                             
20004e3c  ownSavedPublicAddr                                                        
20004e44  fwImmedCmd                                                                
20004e4c  attServerNotifyTxCB                                                       
20004e50  rfEvent                                                                   
20004e58  fwParCmd                                                                  
20004e60  verInfo                                                                   
20004e68  llConns                                                                   
20004e70  fwParamImmedCmd                                                           
20004e78  privInfo                                                                  
20004e80  linkCmd                                                                   
20004e84  linkParam                                                                 
20004e88  rxDataQ                                                                   
20004e8c  txDataQ                                                                   
20004e90  rxRingBuf                                                                 
20004e94  txTestOut                                                                 
20004e98  pGapDiscReq                                                               
20004e9c  pGapAdvertState                                                           
20004ea0  pEstLink                                                                  
20004ea4  pAuthLink                                                                 
20004ea8  pfnCentralConnCBs                                                         
20004eac  pfnPeripheralConnCBs                                                      
20004eb0  pGapAdvTokens                                                             
20004eb4  pGapAdData                                                                
20004eb8  pGapScanRspData                                                           
20004ebc  pfnPeripheralCBs                                                          
20004ec0  pfnCentralCBs                                                             
20004ec4  pfnBondMgrCBs                                                             
20004ec8  serverInfoTbl                                                             
20004ecc  pServiceList                                                              
20004ed0  pfnServerProcessMsgCB                                                     
20004ed4  pfnClientProcessMsgCB                                                     
20004ed8  prepareWritesTbl                                                          
20004edc  serviceCBsList                                                            
20004ee0  pAttrValue                                                                
20004ee4  l2capChannels                                                             
20004ee8  linkDB                                                                    
20004eec  rfHandle                                                                  
20004ef0  rfDrvTblPtr                                                               
20004ef4  eccDrvTblPtr                                                              
20004ef8  cryptoDrvTblPtr                                                           
20004efc  trngDrvTblPtr                                                             
20004f00  activeConns                                                               
20004f04  SysBootMsg                                                                
20004f08  sclkSrc                                                                   
20004f0c  buildInfo                                                                 
20004f10  advInfo                                                                   
20004f14  scanInfo                                                                  
20004f18  initInfo                                                                  
20004f1c  dtmInfo                                                                   
20004f20  taskEndAction                                                             
20004f24  encParams                                                                 
20004f28  encHandle                                                                 
20004f2c  encKey                                                                    
20004f30  pPairingParams                                                            
20004f34  pfnResponderCBs                                                           
20004f38  pfnInitiatorCBs                                                           
20004f3c  gapLimitedAdvertisingTimeout                                              
20004f3e  attrLen                                                                   
20004f40  numHostBufs                                                               
20004f42  rfCmdHandle                                                               
20004f44  connInitialMaxTxOctets                                                    
20004f46  connInitialMaxTxTime                                                      
20004f48  supportedMaxTxOctets                                                      
20004f4a  supportedMaxTxTime                                                        
20004f4c  supportedMaxRxOctets                                                      
20004f4e  supportedMaxRxTime                                                        
20004f50  taskEndStatus                                                             
20004f52  postRfOperations                                                          
20004f54  rfCfgAdiVal                                                               
20004f58  gapProfileRole                                                            
20004f59  gapDeviceAddrMode                                                         
20004f5a  gapState                                                                  
20004f5b  terminateAllTaskID                                                        
20004f5c  terminateReason                                                           
20004f5d  gapTaskID                                                                 
20004f5e  gattNumConns                                                              
20004f5f  gattTaskID                                                                
20004f60  GATTServApp_TaskID                                                        
20004f61  maxNumPrepareWrites                                                       
20004f62  hciPTMenabled                                                             
20004f63  ctrlToHostEnable                                                          
20004f64  l2capFlowCtrlMode                                                         
20004f65  l2capTaskID                                                               
20004f66  l2capNumChannels                                                          
20004f67  l2capNumDataPkts                                                          
20004f68  l2capId                                                                   
20004f69  linkDBNumConns                                                            
20004f6a  linkDB_secureConnectionOnlyMode                                           
20004f6b  maxPduSize                                                                
20004f6c  rfFeModeBias                                                              
20004f6d  maxNumTxDataBufs                                                          
20004f6e  LL_TaskID                                                                 
20004f6f  llState                                                                   
20004f70  rssiCorrection                                                            
20004f71  curTxPowerVal                                                             
20004f72  maxTxPwrForDTM                                                            
20004f73  onePktPerEvt                                                              
20004f74  numComplPkts                                                              
20004f75  numComplPktsLimit                                                         
20004f76  numComplPktsFlush                                                         
20004f77  fastTxRespTime                                                            
20004f78  slOverride                                                                
20004f79  rxFifoFlowCtrl                                                            
20004f7a  numTxDataBufs                                                             
20004f7b  maxNumConns                                                               
20004f7c  smTaskID                                                                  
20004f7d  SM_appExpectingKey                                                        
20004f80  ECC_DATA$$Base                                                            
20004f80  eccRom_param_Gx                                                           
20004f84  eccRom_param_Gy                                                           
20004f88  eccRom_workzone                                                           
20004f8c  eccRom_param_p                                                            
20004f90  eccRom_param_r                                                            
20004f94  eccRom_param_a                                                            
20004f98  eccRom_param_b                                                            
20004f9c  eccRom_windowSize                                                         
20004fa0  aux64                                                                     
20004fa8  MOD                                                                       
20004fac  LEN                                                                       
20004fb0  inScalar                                                                  
20004fb4  inPointX                                                                  
20004fb8  inPointY                                                                  
20004fbc  outPointX                                                                 
20004fc0  outPointY                                                                 
20004fc4  SCAL                                                                      
20004fc8  EXPX                                                                      
20004fcc  EXPY                                                                      
20004fd0  EXPZ                                                                      
20004fd4  EXPW                                                                      
20004fd8  ACCX                                                                      
20004fdc  ACCY                                                                      
20004fe0  ACCZ                                                                      
20004fe4  TMP1                                                                      
20004fe8  TMP2                                                                      
20004fec  TMP3                                                                      
20004ff0  TMP4                                                                      
20004ff4  TMP5                                                                      
20004ff8  TMP6                                                                      
20004ffc  MSBMOD                                                                    
20005000  ECC_DATA$$Limit                                                           
e000e000  ti_sysbios_family_arm_m3_Hwi_nvic                                         
ffffffff  __TI_pprof_out_hndl                                                       
ffffffff  __TI_prof_data_size                                                       
ffffffff  __TI_prof_data_start                                                      
ffffffff  __binit__                                                                 
ffffffff  __c_args__                                                                
ffffffff  binit                                                                     
UNDEFED   HwiP_restore                                                              
UNDEFED   SHT$$INIT_ARRAY$$Base                                                     
UNDEFED   SHT$$INIT_ARRAY$$Limit                                                    
UNDEFED   ti_sysbios_BIOS_RtsGateProxy_Handle__label__S__mangled__                  
UNDEFED   ti_sysbios_BIOS_RtsGateProxy_Params__init__S__mangled__                   
UNDEFED   ti_sysbios_BIOS_RtsGateProxy_query__E__mangled__                          
UNDEFED   ti_sysbios_hal_Hwi_HwiProxy_Module__startupDone__S__mangled__             
UNDEFED   ti_sysbios_hal_Hwi_HwiProxy_Params__init__S__mangled__                    
UNDEFED   ti_sysbios_hal_Hwi_HwiProxy_disableInterrupt__E__mangled__                
UNDEFED   ti_sysbios_hal_Hwi_HwiProxy_enableInterrupt__E__mangled__                 
UNDEFED   ti_sysbios_hal_Hwi_HwiProxy_getStackInfo__E__mangled__                    
UNDEFED   ti_sysbios_hal_Hwi_HwiProxy_startup__E__mangled__                         
UNDEFED   ti_sysbios_hal_Hwi_HwiProxy_switchFromBootStack__E__mangled__             
UNDEFED   ti_sysbios_hal_Hwi_disableInterrupt__E                                    
UNDEFED   ti_sysbios_hal_Hwi_enableInterrupt__E                                     
UNDEFED   ti_sysbios_hal_Hwi_getStackInfo__E                                        
UNDEFED   ti_sysbios_hal_Hwi_startup__E                                             
UNDEFED   ti_sysbios_hal_Hwi_switchFromBootStack__E                                 
UNDEFED   ti_sysbios_heaps_HeapMem_Module_GateProxy_Handle__label__S__mangled__     
UNDEFED   ti_sysbios_heaps_HeapMem_Module_GateProxy_Params__init__S__mangled__      
UNDEFED   ti_sysbios_heaps_HeapMem_Module_GateProxy_query__E__mangled__             
UNDEFED   ti_sysbios_knl_Clock_TimerProxy_Module__startupDone__S__mangled__         
UNDEFED   ti_sysbios_knl_Clock_TimerProxy_startup__E__mangled__                     
UNDEFED   ti_sysbios_knl_Task_SupportProxy_Module__startupDone__S__mangled__        
UNDEFED   ti_sysbios_knl_Task_SupportProxy_getStackAlignment__E__mangled__          
UNDEFED   ti_sysbios_knl_Task_SupportProxy_start__E__mangled__                      
UNDEFED   ti_sysbios_knl_Task_SupportProxy_swap__E__mangled__                       
UNDEFED   xdc_runtime_Main_Module_GateProxy_Handle__label__S                        
UNDEFED   xdc_runtime_Main_Module_GateProxy_query__E                                
UNDEFED   xdc_runtime_Memory_HeapProxy_Handle__label__S__mangled__                  
UNDEFED   xdc_runtime_System_Module_GateProxy_Handle__label__S__mangled__           
UNDEFED   xdc_runtime_System_Module_GateProxy_query__E__mangled__                   
UNDEFED   xdc_runtime_System_SupportProxy_abort__E                                  
UNDEFED   xdc_runtime_System_SupportProxy_exit__E                                   
UNDEFED   xdc_runtime_Timestamp_SupportProxy_get64__E__mangled__                    
UNDEFED   xdc_runtime_Timestamp_SupportProxy_getFreq__E__mangled__                  
UNDEFED   xdc_runtime_Timestamp_get32__E                                            
UNDEFED   xdc_runtime_Timestamp_get64__E                                            
UNDEFED   xdc_runtime_Timestamp_getFreq__E                                          

[2210 symbols]
